I'm sorry, but errors were detected in your script. Please correct the
errors listed below, and try again.


File "game/script.rpy", line 604: Captions and say menuitems may not exist in the same menu.
    "Important_work"
                    ^

Ren'Py Version: Ren'Py 7.4.10.2178
Sun Dec  5 01:16:24 2021
